2026-05-08 18:02:29,790 - INFO - ========================================
2026-05-08 18:02:29,790 - INFO - AUTOMATION EXECUTION STARTED
2026-05-08 18:02:29,790 - INFO - Starting Behave Test Execution
2026-05-08 18:02:30,189 - INFO - Timeout fetched : 10
2026-05-08 18:02:30,198 - INFO - ========================================
2026-05-08 18:02:30,198 - INFO - STARTING SCENARIO : Successful Signup
2026-05-08 18:02:30,198 - INFO - Browser fetched : edge
2026-05-08 18:02:30,198 - INFO - Base URL fetched : https://www.demoblaze.com/
2026-05-08 18:02:30,199 - INFO - Implicit wait fetched : 5
2026-05-08 18:02:30,199 - INFO - Headless mode : False
2026-05-08 18:02:30,199 - INFO - Launching Edge Browser
2026-05-08 18:02:33,509 - INFO - Browser Opened & Maximized Successfully
2026-05-08 18:02:33,512 - INFO - Demoblaze URL loaded
2026-05-08 18:02:33,513 - INFO - Step : Click signup menu
2026-05-08 18:02:33,514 - INFO - Clicking signup Menu
2026-05-08 18:02:33,514 - INFO - Waiting for element clickable : ('link text', 'Sign up')
2026-05-08 18:02:33,602 - INFO - Element clickable successfully : ('link text', 'Sign up')
2026-05-08 18:02:33,732 - INFO - Step : Enter Username : ugbuhbhbhebwhbfjhwbefjhwefwejhfwe
2026-05-08 18:02:33,732 - INFO - Entering Username : ugbuhbhbhebwhbfjhwbefjhwefwejhfwe
2026-05-08 18:02:33,733 - INFO - Waiting for element visibility : ('id', 'sign-username')
2026-05-08 18:02:34,309 - INFO - Element visible successfully : ('id', 'sign-username')
2026-05-08 18:02:34,485 - INFO - Step : Enter Password : password123
2026-05-08 18:02:34,485 - INFO - Entering Password
2026-05-08 18:02:34,485 - INFO - Waiting for element visibility : ('id', 'sign-password')
2026-05-08 18:02:34,499 - INFO - Element visible successfully : ('id', 'sign-password')
2026-05-08 18:02:34,608 - INFO - Step : Click Signup button
2026-05-08 18:02:34,608 - INFO - Clicking Signup Button
2026-05-08 18:02:34,608 - INFO - Waiting for element clickable : ('xpath', "//button[text()='Sign up']")
2026-05-08 18:02:34,652 - INFO - Element clickable successfully : ('xpath', "//button[text()='Sign up']")
2026-05-08 18:02:34,706 - INFO - Step : Verify Successful Login
2026-05-08 18:02:34,706 - INFO - Verifying Signup Alert
2026-05-08 18:02:34,706 - INFO - Waiting for alert
2026-05-08 18:02:35,713 - INFO - Alert appeared successfully
2026-05-08 18:02:35,714 - INFO - Alert Message : Sign up successful.
2026-05-08 18:02:35,733 - INFO - Scenario Status : Status.error
2026-05-08 18:02:35,734 - INFO - SCENARIO PASSED : Successful Signup
2026-05-08 18:02:38,123 - INFO - Browser Closed Successfully
2026-05-08 18:02:38,123 - INFO - ========================================
2026-05-08 18:02:38,184 - INFO - Behave Execution Completed with status code : 1
2026-05-08 18:02:38,184 - INFO - Generating Allure HTML Report
2026-05-08 18:02:38,204 - INFO - Allure Report Generated with status code : 1
2026-05-08 18:02:38,205 - INFO - AUTOMATION EXECUTION COMPLETED
2026-05-08 18:02:38,205 - INFO - ========================================
2026-05-08 18:14:10,386 - INFO - ========================================
2026-05-08 18:14:10,386 - INFO - AUTOMATION EXECUTION STARTED
2026-05-08 18:14:10,387 - INFO - Deleting old allure-results folder
2026-05-08 18:14:10,387 - INFO - Starting Behave Test Execution
2026-05-08 18:14:10,816 - INFO - Timeout fetched : 10
2026-05-08 18:14:10,823 - INFO - ========================================
2026-05-08 18:14:10,823 - INFO - STARTING SCENARIO : Successful Signup
2026-05-08 18:14:10,823 - INFO - Browser fetched : edge
2026-05-08 18:14:10,823 - INFO - Base URL fetched : https://www.demoblaze.com/
2026-05-08 18:14:10,824 - INFO - Implicit wait fetched : 5
2026-05-08 18:14:10,824 - INFO - Headless mode : False
2026-05-08 18:14:10,824 - INFO - Launching Edge Browser
2026-05-08 18:14:14,237 - INFO - Browser Opened & Maximized Successfully
2026-05-08 18:14:14,240 - INFO - Demoblaze URL loaded
2026-05-08 18:14:14,241 - INFO - Step : Click signup menu
2026-05-08 18:14:14,241 - INFO - Clicking signup Menu
2026-05-08 18:14:14,242 - INFO - Waiting for element clickable : ('link text', 'Sign up')
2026-05-08 18:14:14,300 - INFO - Element clickable successfully : ('link text', 'Sign up')
2026-05-08 18:14:14,492 - INFO - Step : Enter Username : ugbuhbhbhebwhbfjhwbefjhwefwejhfwe
2026-05-08 18:14:14,492 - INFO - Entering Username : ugbuhbhbhebwhbfjhwbefjhwefwejhfwe
2026-05-08 18:14:14,492 - INFO - Waiting for element visibility : ('id', 'sign-username')
2026-05-08 18:14:15,171 - INFO - Element visible successfully : ('id', 'sign-username')
2026-05-08 18:14:15,448 - INFO - Step : Enter Password : password123
2026-05-08 18:14:15,448 - INFO - Entering Password
2026-05-08 18:14:15,448 - INFO - Waiting for element visibility : ('id', 'sign-password')
2026-05-08 18:14:15,498 - INFO - Element visible successfully : ('id', 'sign-password')
2026-05-08 18:14:15,776 - INFO - Step : Click Signup button
2026-05-08 18:14:15,776 - INFO - Clicking Signup Button
2026-05-08 18:14:15,777 - INFO - Waiting for element clickable : ('xpath', "//button[text()='Sign up']")
2026-05-08 18:14:15,861 - INFO - Element clickable successfully : ('xpath', "//button[text()='Sign up']")
2026-05-08 18:14:15,957 - INFO - Step : Verify Successful Login
2026-05-08 18:14:15,957 - INFO - Verifying Signup Alert
2026-05-08 18:14:15,957 - INFO - Waiting for alert
2026-05-08 18:14:16,964 - INFO - Alert appeared successfully
2026-05-08 18:14:16,965 - INFO - Alert Message : This user already exist.
2026-05-08 18:14:16,979 - INFO - Scenario Status : Status.error
2026-05-08 18:14:16,980 - INFO - SCENARIO PASSED : Successful Signup
2026-05-08 18:14:19,330 - INFO - Browser Closed Successfully
2026-05-08 18:14:19,330 - INFO - ========================================
2026-05-08 18:14:19,395 - INFO - Behave Execution Completed with status code : 1
2026-05-08 18:14:19,395 - INFO - Generating Allure HTML Report
2026-05-08 18:14:19,416 - INFO - Allure Report Generated with status code : 1
2026-05-08 18:14:19,416 - INFO - AUTOMATION EXECUTION COMPLETED
2026-05-08 18:14:19,416 - INFO - ========================================2026-05-11 17:26:52,436 - INFO - Timeout fetched : 10
