2026-05-20 16:04:45,808 | INFO | Hovered on GENZ
2026-05-20 16:04:58,304 | INFO | Clicked Women's Dresses
2026-05-20 16:05:30,651 | INFO | Hovered on GENZ
2026-05-20 16:05:39,220 | INFO | Clicked Men's T-Shirts
2026-05-20 16:05:57,077 | INFO | Hovered on GENZ
2026-05-20 16:06:14,457 | INFO | Clicked Men's Kurtas
2026-05-20 16:06:32,012 | INFO | Hovered on GENZ
2026-05-20 16:06:47,504 | INFO | Clicked Men's Shoes
2026-05-20 16:07:06,834 | INFO | Hovered on GENZ
2026-05-20 16:07:25,260 | INFO | Clicked Skincare
2026-05-20 16:07:42,940 | INFO | Hovered on GENZ
2026-05-20 16:07:58,477 | INFO | Clicked Jwellery
2026-05-20 16:08:16,715 | INFO | Hovered on GENZ
2026-05-20 16:08:34,164 | INFO | Clicked Heels
2026-05-20 21:03:20,520 | INFO | Hovered on GENZ
2026-05-20 21:03:33,554 | INFO | Clicked Women's Dresses
2026-05-20 21:04:05,218 | INFO | Hovered on GENZ
2026-05-20 21:04:13,756 | INFO | Clicked Men's T-Shirts
2026-05-20 21:04:30,928 | INFO | Hovered on GENZ
2026-05-20 21:04:46,306 | INFO | Clicked Men's Kurtas
2026-05-20 21:05:04,889 | INFO | Hovered on GENZ
2026-05-20 21:05:20,085 | INFO | Clicked Men's Shoes
2026-05-20 21:05:38,231 | INFO | Hovered on GENZ
2026-05-20 21:05:53,584 | INFO | Clicked Jwellery
2026-05-20 21:12:20,257 | INFO | Hovered on GENZ
2026-05-20 21:12:32,910 | INFO | Clicked Women's Dresses
2026-05-20 21:13:04,383 | INFO | Hovered on GENZ
2026-05-20 21:13:15,256 | INFO | Clicked Men's T-Shirts
2026-05-20 21:13:30,480 | INFO | Hovered on GENZ
2026-05-20 21:13:47,765 | INFO | Clicked Men's Kurtas
2026-05-20 21:14:02,523 | INFO | Hovered on GENZ
2026-05-20 21:14:18,102 | INFO | Clicked Men's Shoes
2026-05-20 21:14:34,936 | INFO | Hovered on GENZ
2026-05-20 21:14:51,829 | INFO | Clicked Skincare
2026-05-20 21:15:08,001 | INFO | Hovered on GENZ
2026-05-20 21:15:23,574 | INFO | Clicked Jwellery
2026-05-20 21:15:43,483 | INFO | Hovered on GENZ
2026-05-20 21:15:58,292 | INFO | Clicked Heels
2026-05-20 23:33:35,268 | INFO | Hovered on GENZ
2026-05-20 23:33:48,010 | INFO | Clicked Women's Dresses
2026-05-20 23:34:22,873 | INFO | Hovered on GENZ
2026-05-20 23:34:31,519 | INFO | Clicked Men's T-Shirts
2026-05-20 23:34:52,562 | INFO | Hovered on GENZ
2026-05-20 23:35:09,808 | INFO | Clicked Men's Kurtas
2026-05-20 23:35:26,947 | INFO | Hovered on GENZ
2026-05-20 23:35:44,749 | INFO | Clicked Men's Shoes
2026-05-20 23:36:00,363 | INFO | Hovered on GENZ
2026-05-20 23:36:16,187 | INFO | Clicked Skincare
2026-05-20 23:36:33,263 | INFO | Hovered on GENZ
2026-05-20 23:36:51,099 | INFO | Clicked Jwellery
2026-05-20 23:37:06,381 | INFO | Hovered on GENZ
2026-05-21 11:21:03,003 | INFO | Hovered on GENZ
2026-05-21 11:21:18,712 | INFO | Clicked Women's Dresses
2026-05-21 11:21:48,958 | INFO | Hovered on GENZ
2026-05-21 11:21:57,674 | INFO | Clicked Men's T-Shirts
2026-05-21 11:22:16,344 | INFO | Hovered on GENZ
2026-05-21 11:22:51,242 | INFO | Hovered on GENZ
2026-05-21 11:23:07,986 | INFO | Clicked Men's Shoes
2026-05-21 11:23:31,448 | INFO | Hovered on GENZ
2026-05-21 11:23:51,512 | INFO | Clicked Skincare
2026-05-21 11:24:08,918 | INFO | Hovered on GENZ
2026-05-21 11:24:24,802 | INFO | Clicked Jwellery
2026-05-21 11:24:47,524 | INFO | Hovered on GENZ
2026-05-21 11:25:04,280 | INFO | Clicked Heels
2026-05-21 11:28:44,833 | INFO | Hovered on GENZ
2026-05-21 11:28:58,005 | INFO | Clicked Women's Dresses
2026-05-21 11:29:40,623 | INFO | Hovered on GENZ
2026-05-21 11:29:51,190 | INFO | Clicked Men's T-Shirts
2026-05-21 11:30:09,827 | INFO | Hovered on GENZ
2026-05-21 11:30:30,747 | INFO | Clicked Men's Kurtas
2026-05-21 11:30:47,665 | INFO | Hovered on GENZ
2026-05-21 11:31:03,423 | INFO | Clicked Men's Shoes
2026-05-21 11:31:25,204 | INFO | Hovered on GENZ
2026-05-21 11:31:43,166 | INFO | Clicked Skincare
2026-05-21 11:31:59,262 | INFO | Hovered on GENZ
2026-05-21 11:32:17,316 | INFO | Clicked Jwellery
2026-05-21 11:32:36,233 | INFO | Hovered on GENZ
2026-05-21 11:32:51,923 | INFO | Clicked Heels
2026-05-21 11:41:25,287 | INFO | Hovered on GENZ
2026-05-21 11:42:01,026 | INFO | Hovered on GENZ
2026-05-21 11:42:09,590 | INFO | Clicked Men's T-Shirts
2026-05-21 11:42:31,597 | INFO | Hovered on GENZ
2026-05-21 11:42:45,280 | INFO | Clicked Men's Kurtas
2026-05-21 11:43:07,821 | INFO | Hovered on GENZ
2026-05-21 11:43:24,304 | INFO | Clicked Men's Shoes
2026-05-21 11:43:41,394 | INFO | Hovered on GENZ
2026-05-21 11:43:56,929 | INFO | Clicked Skincare
2026-05-21 11:44:13,172 | INFO | Hovered on GENZ
2026-05-21 11:44:28,887 | INFO | Clicked Jwellery
2026-05-21 11:44:44,184 | INFO | Hovered on GENZ
2026-05-21 11:44:57,814 | INFO | Clicked Heels
2026-05-21 22:00:26,264 | INFO | Hovered on GENZ
2026-05-21 22:00:38,787 | INFO | Clicked Women's Dresses
2026-05-21 22:01:12,468 | INFO | Hovered on GENZ
2026-05-21 22:01:23,160 | INFO | Clicked Men's T-Shirts
2026-05-21 22:01:42,416 | INFO | Hovered on GENZ
2026-05-21 22:01:57,533 | INFO | Clicked Men's Kurtas
2026-05-21 22:02:15,865 | INFO | Hovered on GENZ
2026-05-21 22:02:30,935 | INFO | Clicked Men's Shoes
2026-05-21 22:02:48,180 | INFO | Hovered on GENZ
2026-05-21 22:03:03,337 | INFO | Clicked Skincare
2026-05-21 22:03:24,487 | INFO | Hovered on GENZ
2026-05-21 22:03:39,739 | INFO | Clicked Jwellery
2026-05-21 22:04:03,654 | INFO | Hovered on GENZ
2026-05-21 22:04:18,661 | INFO | Clicked Heels
2026-05-22 13:37:09,155 | INFO | Hovered on GENZ
2026-05-22 13:37:24,629 | INFO | Clicked Women's Dresses
2026-05-23 17:18:09,659 | INFO | Starting scenario: Women's Dresses E2E
2026-05-23 17:18:09,661 | INFO | Chrome browser launched
2026-05-23 17:18:09,662 | INFO | Maximized browser window
2026-05-23 17:18:22,396 | INFO | Opened Myntra website
2026-05-23 17:18:22,402 | INFO | Navigating to Myntra homepage
2026-05-23 17:18:22,405 | INFO | Searching GENZ menu
2026-05-23 17:18:25,498 | INFO | Completed scenario: Women's Dresses E2E
2026-05-23 17:18:25,599 | INFO | Starting scenario: Men's T-Shirts Positive
2026-05-23 17:18:25,600 | INFO | Chrome browser launched
2026-05-23 17:18:25,600 | INFO | Maximized browser window
2026-05-23 17:18:25,602 | INFO | Completed scenario: Men's T-Shirts Positive
2026-05-23 17:18:56,524 | INFO | Starting scenario: Women's Dresses E2E
2026-05-23 17:18:56,524 | INFO | Chrome browser launched
2026-05-23 17:18:56,525 | INFO | Maximized browser window
2026-05-23 17:19:02,629 | INFO | Opened Myntra website
2026-05-23 17:19:03,158 | INFO | Completed scenario: Women's Dresses E2E
2026-05-23 17:19:06,281 | INFO | Starting scenario: Men's T-Shirts Positive
2026-05-23 17:19:06,282 | INFO | Chrome browser launched
2026-05-23 17:19:06,282 | INFO | Maximized browser window
2026-05-23 17:19:11,234 | INFO | Opened Myntra website
2026-05-23 17:19:11,241 | INFO | Navigating to Myntra homepage
2026-05-23 17:19:11,243 | INFO | Searching GENZ menu
2026-05-23 17:19:18,695 | INFO | Hovered on GENZ
2026-05-23 17:19:26,698 | INFO | Searching Men's Casual Wear section
2026-05-23 17:19:27,285 | INFO | Clicked Men's T-Shirts
2026-05-23 17:19:27,287 | INFO | Verifying products are displayed
2026-05-23 17:19:29,006 | INFO | Products loaded successfully
2026-05-23 17:19:29,007 | INFO | Completed scenario: Men's T-Shirts Positive
2026-05-23 17:19:32,037 | INFO | Starting scenario: Men's Kurtas Positive
2026-05-23 17:19:32,038 | INFO | Chrome browser launched
2026-05-23 17:19:32,038 | INFO | Maximized browser window
2026-05-23 17:19:37,848 | INFO | Opened Myntra website
2026-05-23 17:19:37,853 | INFO | Navigating to Myntra homepage
2026-05-23 17:19:37,854 | INFO | Searching GENZ menu
2026-05-23 17:19:45,248 | INFO | Hovered on GENZ
2026-05-23 17:19:55,323 | INFO | Searching Men's Occasion Wear section
2026-05-23 17:20:01,745 | INFO | Clicked Men's Kurtas
2026-05-23 17:20:01,747 | INFO | Verifying products are displayed
2026-05-23 17:20:03,825 | INFO | Products loaded successfully
2026-05-23 17:20:03,828 | INFO | Completed scenario: Men's Kurtas Positive
2026-05-23 17:20:06,665 | INFO | Starting scenario: Men's Shoes Positive
2026-05-23 17:20:06,666 | INFO | Chrome browser launched
2026-05-23 17:20:06,667 | INFO | Maximized browser window
2026-05-23 17:20:12,469 | INFO | Opened Myntra website
2026-05-23 17:20:12,474 | INFO | Navigating to Myntra homepage
2026-05-23 17:20:12,476 | INFO | Searching GENZ menu
2026-05-23 17:20:19,873 | INFO | Hovered on GENZ
2026-05-23 17:20:29,948 | INFO | Searching Men's Footwear section
2026-05-23 17:20:35,470 | INFO | Clicked Men's Shoes
2026-05-23 17:20:35,472 | INFO | Verifying products are displayed
2026-05-23 17:20:37,031 | INFO | Products loaded successfully
2026-05-23 17:20:37,032 | INFO | Completed scenario: Men's Shoes Positive
2026-05-23 17:20:39,882 | INFO | Starting scenario: Beauty Skincare Positive
2026-05-23 17:20:39,882 | INFO | Chrome browser launched
2026-05-23 17:20:39,882 | INFO | Maximized browser window
2026-05-23 17:20:45,783 | INFO | Opened Myntra website
2026-05-23 17:20:45,788 | INFO | Navigating to Myntra homepage
2026-05-23 17:20:45,790 | INFO | Searching GENZ menu
2026-05-23 17:20:53,184 | INFO | Hovered on GENZ
2026-05-23 17:21:03,258 | INFO | Searching Beauty & Grooming
2026-05-23 17:21:10,655 | INFO | Clicked Skincare
2026-05-23 17:21:10,659 | INFO | Verifying products are displayed
2026-05-23 17:21:10,695 | INFO | Products loaded successfully
2026-05-23 17:21:10,696 | INFO | Completed scenario: Beauty Skincare Positive
2026-05-23 17:21:13,457 | INFO | Starting scenario: Jewellery Negative
2026-05-23 17:21:13,458 | INFO | Chrome browser launched
2026-05-23 17:21:13,459 | INFO | Maximized browser window
2026-05-23 17:21:17,469 | INFO | Opened Myntra website
2026-05-23 17:21:17,569 | INFO | Navigating to Myntra homepage
2026-05-23 17:21:17,571 | INFO | Searching GENZ menu
2026-05-23 17:21:25,192 | INFO | Hovered on GENZ
2026-05-23 17:21:35,273 | INFO | Searching Accessories section
2026-05-23 17:21:40,907 | INFO | Clicked Jwellery
2026-05-23 17:21:42,439 | INFO | Completed scenario: Jewellery Negative
2026-05-23 17:21:45,291 | INFO | Starting scenario: Heels Negative
2026-05-23 17:21:45,292 | INFO | Chrome browser launched
2026-05-23 17:21:45,292 | INFO | Maximized browser window
2026-05-23 17:21:50,577 | INFO | Opened Myntra website
2026-05-23 17:21:50,584 | INFO | Navigating to Myntra homepage
2026-05-23 17:21:50,587 | INFO | Searching GENZ menu
2026-05-23 17:21:57,978 | INFO | Hovered on GENZ
2026-05-23 17:22:08,250 | INFO | Searching Women's Footwear
2026-05-23 17:22:16,672 | INFO | Completed scenario: Heels Negative
2026-05-23 17:29:09,081 | INFO | Starting scenario: Women's Dresses E2E
2026-05-23 17:29:09,082 | INFO | Chrome browser launched
2026-05-23 17:29:09,082 | INFO | Maximized browser window
2026-05-23 17:29:11,583 | INFO | Opened Myntra website
2026-05-23 17:29:16,381 | INFO | Navigating to Myntra homepage
2026-05-23 17:29:16,382 | INFO | Searching GENZ menu
2026-05-23 17:29:23,885 | INFO | Hovered on GENZ
2026-05-23 17:29:31,891 | INFO | Searching Women's Western Wear section
2026-05-23 17:29:36,807 | INFO | Clicked Women's Dresses
2026-05-23 17:29:36,835 | INFO | Verifying products are displayed
2026-05-23 17:29:38,264 | INFO | Products loaded successfully
2026-05-23 17:29:38,266 | INFO | Opening first product
2026-05-23 17:29:38,646 | INFO | First product clicked
2026-05-23 17:29:38,647 | INFO | Switching to product tab
2026-05-23 17:29:38,683 | INFO | Selecting product size
2026-05-23 17:29:42,908 | INFO | Size selected successfully
2026-05-23 17:29:45,913 | INFO | Clicking Add To Bag
2026-05-23 17:29:46,147 | INFO | Item added to shopping bag
2026-05-23 17:29:46,147 | INFO | Verifying Add To Bag operation
2026-05-23 17:29:51,339 | INFO | Opening Shopping Bag
2026-05-23 17:29:53,471 | INFO | Verifying item exists in bag
2026-05-23 17:29:53,509 | INFO | Item successfully verified
2026-05-23 17:29:53,582 | INFO | Clicking Place Order button
2026-05-23 17:29:53,667 | INFO | Place Order page opened
2026-05-23 17:29:55,336 | INFO | Completed scenario: Women's Dresses E2E
2026-05-23 17:29:58,362 | INFO | Starting scenario: Men's T-Shirts Positive
2026-05-23 17:29:58,362 | INFO | Chrome browser launched
2026-05-23 17:29:58,364 | INFO | Maximized browser window
2026-05-23 17:30:05,112 | INFO | Opened Myntra website
2026-05-23 17:30:05,119 | INFO | Navigating to Myntra homepage
2026-05-23 17:30:05,120 | INFO | Searching GENZ menu
2026-05-23 17:30:12,516 | INFO | Hovered on GENZ
2026-05-23 17:30:20,520 | INFO | Searching Men's Casual Wear section
2026-05-23 17:30:20,804 | INFO | Completed scenario: Men's T-Shirts Positive
2026-05-23 17:30:23,643 | INFO | Starting scenario: Men's Kurtas Positive
2026-05-23 17:30:23,644 | INFO | Chrome browser launched
2026-05-23 17:30:23,644 | INFO | Maximized browser window
2026-05-23 17:30:28,213 | INFO | Opened Myntra website
2026-05-23 17:30:28,222 | INFO | Navigating to Myntra homepage
2026-05-23 17:30:28,224 | INFO | Searching GENZ menu
2026-05-23 17:30:35,694 | INFO | Hovered on GENZ
2026-05-23 17:30:45,993 | INFO | Completed scenario: Men's Kurtas Positive
2026-05-23 17:30:46,113 | INFO | Starting scenario: Men's Shoes Positive
2026-05-23 17:30:46,113 | INFO | Chrome browser launched
2026-05-23 17:30:46,113 | INFO | Maximized browser window
2026-05-23 17:30:49,432 | INFO | Opened Myntra website
2026-05-23 17:30:49,447 | INFO | Completed scenario: Men's Shoes Positive
2026-05-23 17:30:49,472 | INFO | Starting scenario: Beauty Skincare Positive
2026-05-23 17:30:49,473 | INFO | Chrome browser launched
2026-05-23 17:30:49,474 | INFO | Maximized browser window
2026-05-23 17:30:53,288 | INFO | Opened Myntra website
2026-05-23 17:30:53,301 | INFO | Completed scenario: Beauty Skincare Positive
2026-05-23 17:30:53,322 | INFO | Starting scenario: Jewellery Negative
2026-05-23 17:30:53,324 | INFO | Chrome browser launched
2026-05-23 17:30:53,325 | INFO | Maximized browser window
2026-05-23 17:30:56,918 | INFO | Opened Myntra website
2026-05-23 17:30:56,927 | INFO | Completed scenario: Jewellery Negative
2026-05-23 17:30:56,939 | INFO | Starting scenario: Heels Negative
2026-05-23 17:30:56,940 | INFO | Chrome browser launched
2026-05-23 17:30:56,941 | INFO | Maximized browser window
2026-05-23 17:31:00,838 | INFO | Opened Myntra website
2026-05-23 17:31:00,849 | INFO | Completed scenario: Heels Negative
